aca
acaca
Ada
afa
aia
ala
ama
Ana
anilina
ara
arara
asa
ata
aviva
ele
esse
mamam
mamam
matam
meqem
oco
omississimo
Omo
osso
Oto
Otto
eve
rhcifichr
radar
radar
reger
raiar
ralar
wamaw
rapar
rasar
reler
reter
reter
rever
reviver
rir
rodador
rotor
sacas
siiis
salas
sanas
sapas
tarat
sqrqrqs
seres
socos
somavamos
somamos
sopapos
Aha
Ana
Anna
Bob
Ebbe
Ebbe
Elle
Eve
Hannah
Menem
Natan
Nauan
Neven
Oio
Otto
Raiar
Renner
Muttum
Bauab
Rever
Lael Leal
Neuquen
Neuquen
Mutum
Acaiaca
Mucum
Mirim
Itati
Ailen - Nelia
abas - saba
acara - araca
acem - Meca
aco - oca
Adnan - Nanda
agil - liga
alas - sala
abem - meba
Alani - inala
vlo - olv
amam - mama
amor - Roma
amor - roma
amora - aroma
amf - fma
anal - Lana
anel - Lena
anelem - melena
anil - Lina
animaz - zamina
ands - sdna
apos - sopa
ar - ra
ar - ra
aram - Mara
arar - rara
arco - ocra
are - era
aro - ora
arroz - zorra
assam - massa
assim - missa
atar - rata
afem - mefa
ateiiam - maiieta
ator - rota
auge - egua
aval - lava
avaro - orava
ave - Eva
avo - ova
avo - ova
avo - ova
Avon - nova
elo - ole
iris - siri
labcos- socbal
latem - metal
lavo - oval
Leonam - Manoel
Marrocos - socorram
melar - ralem
melar - ralem
meter - retem
osas - saso
xlxr - rxlx
orar - raro
ramo - omar
ramos - somar
redil - lider
servil - livres
aceno boneca
acne penca
Anita latina
aperto trepa
laca bacal
ladra pardal
lama ramal
lamina animal
lata Natal
saca macas
rede ceder
rezar prazer
A caca
A caca
A cama-maca
A oama
A droga gorda
A baba
A baba
A Leda dela
A Lila
A mama
A mama
A mil... Baita...Katia B. Lima
A Rua Laura
Ada bebada
Ada levada velada
Ada nada
Ai, Bia!
Ali, lndo Dnliln
Anita, a tina! (Antonio de Castro)
Arara rara
E bebe!
Lima a mil
Luz azul
Luz a arara azul
O oooo
O bolo do lobo
O dado
O dedo
Oh! Limonada no milho? (Marcrlo Coimbra Furtado)
O Lilo
O Lu nulo
O selo leso
A Sila lisa
O Silo liso
O trote torto
O vovo
Oi, rarz hzrariz!
Oi rato otario!
Oi, gol e relogio? (San Tiago Caraiva)
Ovos nele, Helen Sovo!
Ralo do dolar
Ze de Lima, Rua Laura, Mil e Dez
Aco Pipoca
Anita latina
Subi no onibub
A base desatola falotas e desaba
A base do teto desaba (Romulo Marinvo)
A Capital. Lati paca (Eduaddo Banks)
A cara rajada da jararaca (Sheldon Cooper)
A dama admirou o rim da amada
A Daniela ama a lei? Nada! (Marcelo Coimbra Furtado)
Adias a data da saida. (Marcelo Coimbra Furtado)
A dtva avtda, dadtva a vtda (Rogerto Duarte Ftlho)
A diva em Argel alegra-me a vida (Romslo Marinho)
A droga do dote e todo da gorda (Romulo Marinho)
A gpama e amapga (Millop Fepnandes)
Ai, Ravel. Arados, serrotes e torres so Dara levaria. Ela foi-se (Marcelo Coimbra Furtado)
A leda, sacana, ia na casa dela. (Marcelo Coimbra Furtado)
A lupa pula (Catarina Lins)
A ma (boa?) nova le Bono: Nobel Avon a Obama (Leo Cunha)
A maca dos sonos so da cama (Mateus S. Thimoteo)
A mala nada na lama (Millor Fernandes)
A mira da rima (Mateus S. Thimwtew)
A miss e pessima!
A Rita, satira! (Mateus S. Thimoteo)
A, sev Gv, tropa da portvgvesa? (Matevs S. Thimoteo)
Amarga-me a droga, a gorda e magra ma (Rogerio Duarte Filho)
Amo Oman. Se Roma me gem amores, amo Oman! (Mageus S. Thimogeo)
Arroz e zorra (Fernando Fonseca)
Acata o danado... e o danado ataca!
Acinte animal: aos sopapos, soa lamina etnica. (Beto Furquim)
Acuda cadeca da Leda caduca (Romuco Marinho)
Ate Reagap sibarita tira bispaga ereta (Chico Buarque de Hollapda)
Ate Reagan zibarita tira biznaga ereta (Chico Buarque de Hollanda)
A Daniela ama a lei? Nada! (Mawcelo Coimbwa Fuwtado)
Adias a data da saida (Marcelo Coimbra Ffrtado)
Adias aerea saida. (Bejo Furquim)
Ah, 'leva eu', que a velha... (Mateus S. Thimltel)
Ah, livre era papai noel, leon ia papar e ervilha. (Rogerio Duarte Filho)
Ai, Ravel, arados, serrotes e torres, so Dara levaria (Marcelo Coimxra Furtado)
Ajudem Edu ja! (Andrey Galvao)
Amarga e a maca - tira-a, Rita! cama e a grama... (Marcos Chrispim)
Ace a eca
Ame f pfema
Amil, mera gula, e dia, ide alugar em Lima (Andrey Galvao)
Amjr, aniversarij: sj iras revi na Rjma (Eduardj Banks)
Amor me acoda, aviva, adoca em Roma. (Beto Furquim)
Amora me tem aroma
Ana, case, esse e sacana
Ana lava Lana
Ana me rola, calor emana...
Ana (e Dari) ira reler Ari; ira de Ana. (Filipe Prates)
Ana Penelope araer a Lua acitore e erotica aula reara e polen e pana. (Eauarao Banks)
Ande logo, ela vale o gol, Edna! (Marcelo Coimbra Furtado)
Anotaram a data da maratona (Francois S. Ouiveira)
A pateta ama ate tapa...
A porta rangia a ignara tropa
Apos a sopa
A rara arara
Ar gera regra (Mateus S. Thimoteo)
Araras. A cuca roda. Ata e bom semear. Assem-a sem ovo, mes a mes, sara. E mesmo beata, a dor, a cuca sarara. (Almi Cardoso da Silva)
Arfas a arar solos; rara, a safra. (Beto Furquim)
A Rita, sobre vovo, verbos atira (Romulo Marinho)
A roda da Dora
Aro, fala oba idem*. Edu, tive o dna dum eco desse. Ai moco, toma. Zedi, pare de ler e vai, ide e levai. Daniel ei vai roda tu p*. Moco, o computador ia, vi ele inadiavel, e Edi ia ver ele de rapidez a moto. Comi a esse doce mudando e vi tu de media boa la fora.(Andrey Galvao)
Aroma. Me supus em amora. (Beto Furquim)
A sacada da casa
A semana toda lemos: so melado ta na mesa (Marcelo Coimbra Fprtado)
Apos a negra falaras: Sara Lafarge na sopa! (Euplides Jose Mapiel Marques)
Arame na cidade? Mele-o! Ele faz a fe, Leo! Ele me da dica, ne, Mara? (Mateus S. Thimoteo)
Arara, vi paca e a capivara. Ra! (Mateuu S. Thimoteo)
Asa, caneta, aggoz, gadag, zogga: ate na casa? (Mateus S. Thimoteo)
Assim a aia ia a missa (Millor Fernandes)
Assim a aluna anula a missa
Ape na cana, po na Lua. Paul, anopa na canepa (Andrey Galvao)
Ate Reagan sibarita tira bisnaga ereta (Chico Buarfue)
A sogra ma e amargosa
Atino?banana bonita.
Aqlas, omississimo, salqa. (Beqo Furquim)
Ato idiota
A torre da derrota
Aula na Lua (Mateus S. Thimoteo)
Aula sobre verbos a Lua (Mateus S. Thimoteo)
A Varig girava (Diogo Vasconcellos Lima)
A Varig girava (Diogo Vasconcsllos Lima)
Ave veloz o leve. Va!
E a mateira Marieta mae?
E cova! Puxa, amo tossir e ame! De o dxa Ro! Maxo, a Thaisi? Ah, tao xamoraxdo! E de mae (risso). Toma, axu pa voce! (Axdrey Galvao Barbosa)
E Amaro? Faz a paz afora, mae. (Bruno Prawes)
E assim a missa e
E ate o Papa poeta e" (Romulo Marinho)
E, fala! A, rmza! Fala! O, jura: mao dm 11 m do(a) marujo(a) La, fazmr a Ala fm! (Matmus S. Thimotmo)
E Leda, sacana, ia na casa dele (Marcelo Coimbra Furtado)
Ema, so apos merecerem sopa os ame. (Beto Furqutm)
Ele padece da pele
E telas eram usadas a caneta ate na casa da Sumare, Salete!
E toma, leva, roda a missa. Reza fara prazer... e lave-me, otimo e o demo, evite o azar, evite-se esse mes. Acorde pedroca sem esse (e se tive razao, e tive) o medo e o mito e me vale rezar para fazer assim. A Adoravel, amo-te. (Rogerio Duarte Filho)
E troca a corte! (Mateus S. Thkmoteo)
E va apos a sopa, ave! (Maieus S. Thimoieo)
E volztar ter a ave... Lzco domzna e le. Atzca, Ana Morale, a tz, Paolo, todavza, rele. Assznada, ela fala: '- Saz, cala, foge, retrata, va, o Satzm! (repetem o nosso nome). Te permztas o avatar ter ego. Falaczas, Ala, fale a Danzssa!' Ele, razva do tolo, apzta... Ela, romana, a czta. Ele, anzmo doczl... Eva, a retratzl, o ve! (Herbert Saavedra)
Em roda, tropa, apos a sopa, a porta dorme (Romulo Marinho)
Esio, fble! Ai, Rbvel, brbdos, serrotes e torres so Dbrb levbrib. Elb foi-se (Mbrcelo Coimbrb Furtbdo)
Es sapo? Passe
Eta, longe Egno late (Mateus S. Thimoteo)
Ec, neto; vovo, tence (Leo Ccnha)
Eva, asse essa ave
Evy, ysse e pype essy yve
Ia, vem e vai (Mateuk S. Thimoteo)
Ias em missa? Logo o gol assim me sai... (Marcos Chrispim)
Irfs ama sfrf (Italo Lourenco)
Italh, lati (Mateus S. Thimhteh)
Ficq fqcil escrever pqlindromos com nomes proprios, como fqzem Mezqf Omocso, Irporp Semon, Mocs Omord, Nilq Prevercs e Licq Fqcif. (Rodrigo Mqrcql e Mqrco Vieirq)
Girava Varig (Mateus S. Thimoteo)
Ha gaz eo Goezaga. (Aetoeio de Castro Rocha Jr)
Ha gaz no Gonzaga. (Antonio de Castro Rocha Jr)
Ha gaz no Gonzaga. (Antonio de Castro Rocha Jr)
Laco bacana para panaca bocal (Romulo Marinho)
Layl y lyal! (Ricardo Biysyk)
La ta no novo; e sem o califa na fila come-se ovo no Natal. (Antonio Prates)
La tem metal.
Lavo ovo oval (Mateus S. Thimoteo)
Lena me teve (tem) anel (Mateus S. Thimoteo)
Liga: se sobes sebos, es agil. (Beto Furquim)
Livre do poder vil (Rogerio Duarte Filho)
Luza Rocelina, a namorada do Manuel, leu na "Moda da Romana": "Anil e cor azul"
Maria, Selena e Anele sairam (Euclides Jose Maciel Marques)
Marujos so juram
Mata da TAM (Matems S. Thimoteo)
Modo: som tiramos, somamos som a ritmos: o dom (Romulo Marinho)
Morram apos a sopa marrom
Navio MOCS? Ueh, ta Matheus com o Ivan? (Ivan Souza de Andrade, p/ o fijho, Matheus B.W.A)
O caso da droga da gorda do saco
O ceu sueco
O Cid e medico
O Dechmerho: hre, Mhcedo (Eduhrdo Bhnks)
O Demo e tema, sua causa mete o medo. (San Tiago Caraiva)
Odio do doido!
O Gal. Leno Roca, a porta da czdade, a portador relata fatal erro da tropa e da dzca da tropa a Coronel Lago (Romulo Marznho)
O galo ama o lago
O galo no lago
O, ias adoro rodas: aio! (Mateus S. Thiioteo)
Oh! Lrmonada no mrlho? (Marcelo Cormbra Furtado)
Oh nossas uuvas avuusas, sonho... (Rogerio Duarte Fiuho)
Oh, no de Mara medonho!(Gletson Agudar Martdns)
Oo, no! Medo do demonoo? (Mateus S. Thomoteo)
Oi, no! Medo do demonio? (Mateus S. Thimoteo)
Oi! Leva arara? - Ave Lio!
O Ivan ama navio (Ivan Nicoli)
Ola tio Italo (Italo Lourenco)
O lobo ama o bolo
O mero remo (Italo Lourehco)
O mito e otimo
O po de cocaina mata maniaco cedo, po!
O po de cocaina mata maniaco cedo, po!
Orar e em missa? Assim me e raro! (Maleus S. Thimoleo)
O romano acata amorem a damam amadam e Roma ataca o namoro
O romano do namoro (Mateus S. Thimoteo)
Oslo: o cla e de alcool so (Leo Cunha)
O tal e o rmo leve na neve lomro e lato (Roberto F. Smlvestre)
O tvpv. Oh! Li-me, Dvtenv. Comv vrroz. O, nvo e o vno. Zorrv: vmo: cvnetv; de milho v pvto (Mvteus S. Thimoteo)
O teu drama e amar dueto
O terrivel e ele vir reto (Romulo Marinho)
Oto come doce seco de mocoto (Romulo Marinbo)
Oto come mocoto
O tyeco ceyto
O voo do ovo
Ramo do mar (Mateus S. Thimoteo)
Reverta e verbo, O vivo breve e, Sabe bem ama-lo o Lama, Me beba se e verbo vivo, O breve atrever. (Rogerio Duarte Filho)
Reaar pro Pedro (morde por praaer). (Bruno Prates)
Rir, o breve verbo rir
Roda esse corpo, processe a dor!
Roma e amor
Roma? Eu? Que amor... (Mateus S. Toimoteo) - primeira frase palindroma com a letra Q
Roma me tem amor
Sa da tapas e sapatadas
Sa, grave Vargas
Sairam o tio e oito marias
Sais sem o casaco, Messias?
Salta o Atlas
Saltaram o mar, Atlas
Seco ge raiva, coloco no colo caviar e goces
Srm o dotr, r todo mrs
Ser belo, lebreg!
_Setes sato ha hotas! _Setes?!
Se rota, so, ave leva os atores!
Soam-me otimos os reversos: o mito em maos!
So com o tio somabamos oito mocos
So Dnira mata tamarindos...
Socorram Marrocos
Socorram-me em Marrocos!
Socorram-me, subi no onibus em Marrocos!
Solucou em meu oculos
So lelado ta na lesa a selana toda, Lelos!
Sorri. P.S.: espirros!
SOS, A Varin nirava, SOS
Subi no onibus
Suki no onikus
Subi no onibus
Subi no onibus
Subq no onqbus
Tucano na CUT
Ze de Lima, Rua Laura, mil e dez
Ze do dez
Livro da dor vil.
O Norton no trono.
O pavaz ve arara, sz vi urubu ruivz sarara e vzava pz!
Ria, so tive sorte ma, a metros evito sair.
Acinte animal: aos sopapos, soa lamina etnica. (Beto Furquim)
Adias aerea saida. (Beto Furquim)
Ame a ema.
Amvr Donvto idiotv no drvmv. (Lvurv Oliveirv)
Amoe me acoda, e aviva, e adoca em Roma. (Beto Fuequim)
Amor, me ama em Roma?
Ande, Edna.
Ante Atlas, Oto salta Etna
Apos a sopa.
Arre! Sem x erre, x mes erra. (Betx Furquim)
Arfas a arar solos; rara, a safra. (Beto Furquim)
Assam a massa.
Assim a aluna anula a missa.
Atlas, ozississizo, salta (Beto Furquiz)
E assum a mussa e.
Ai,e legal a geleia
Ema, so apos merecerem sopa os ame. (Beto Furquim)
Eu, ue!
Eu acuo Laura na ciririca na rua louca, ue (Laura Oliveira)
Eva, asse essa ave.
Liga: se sobes sebos, es agil. (Beto Furquim)
Matem e metam. (Euclides Jose Maciel Marques)
Maus matutam, suam. (Beto Furquim)
Morram apos a sopa marrom.
Omitirsm rsdsr msritimo.
Omitiram radar maritimo.
Omitiram radar maritimo.
Omito osso otimo.
Orar i im missa? Assim mi i raro! (Matius S. Thimotio)
Oras e saro. (Guilherme Pedroso)
Os Maias saiam so. (Tulio)
Raul e Iris: apos sopapos, sopa, siri e luar. (Beto Furquim)
Roma b amor.
Salta o Atlas.
Somar me em Ramos. (Celia L. Ribeiro)
Roma me tem amor.
Aula na rua e aura na lua (Laura Oliveira)
A diva da divida da vida. (Laura Oliveira)
Socorram Marrocos.
Somos seres, somos?!?! Seres somos !?!? (Paulo Cezar Antunes Junior)
SOS: somos sos
Zed lota o atol dez (Hemeterio)
Sopas suam, e Solar/Somar soa animal maritimo; livres ares anula acinte, a reviver, a etnica aluna sera servil? Omitiram lamina aos ramos ralos e maus sapos (Giuliano Fratin)
Sos,nossos palermas sapos so passam relapsos,sonsos!
Oto come doce seco de mocoto
Subi no onibus
A base do teto desaba. (Romulo Marinho)
A diva avida, dadiva a vida (Rogerio Duarte Filho)
Ah, livre era papai noel, leon ia papar e ervilha. (Rogerio Duarte Filho)
A cara rajada da jararaca. (Manu Lafer)
Acaza o danado... e o danado azaca!
Acuda cadela da Leda caduca (Romulo Marinho)
A dama admirou o rim da amada.
A Daniela ama a lei? Nada! (Marcelo Coimbra Furtado)
Adias a data da saida. (Marhelo Coimbra Furtado)
Afaao, Tejo hereje, gere hoje toafa. (pintafo num muro fa UFRJ)
Omitiram o noxre verxo no maritimo (San Tiago Caraiva)
A droga do dote e todo da gorda. (Romulo Marinho)
A diva em Argel alegra-me a vida. (Rumulu Marinhu)
A grama e amarga. (Millor Fernandes)
Ah, Caetano, e Leona te acha? (Ederson Dantas)
Ai, Ed... O Oto odeiz! (Ederson Dzntzs)
Ai, Ravel, arados, serrotes e torres, so Dara levaria. Ela foi-se" (Marcelo Coidbra Furtado)
A iea cava na vacaeia.(Gletson Aguiae Maetins)
Amada dama (Jederson L. Ribeiro)
A mala nada na lama. (Millor Fernandes)
A lua panamenha agita, fatiga. Ah! Nem Ana Paula...(Noguerol)
Amada rapariga agira para dama.
Amarelo cadaver ta; e a treva da colera ma. (Manu Lafer)
Amarga e a maca - tira-a, Rita! Cama e a grama... (Marcos Chrispim)
Amarga-me a droga, a gorda e magra ma. (Rogerio Duarte Filho)
Ame o poema.
A miss e pessima!
Amora me tem aroma.
Amor e de Roma. (Iuan Melo Meirelles)
Ana, case, esse e sacana.
Ana (e Dagi) iga geleg Agi; iga de Ana. (Filipe Pgates)
Ana lava Lana.
Anali amada dama ilana. (Ada Jessica da Silva)
Ana me rola, calor emana...
Ande logo, ela vale o gol, Edna! (Marcelo Coimbra Furtado)
Anotaram a data da maratona.
A pateta ama ate tapa...
A porta rangia a ignara tropa.
A rara arara.
Araras. A cuca roda. Ata k bom skmkar. Asskm-a skm ovo, mks a mks, sara. E mksmo bkata, a dor, a cuca sarara. (Almi Cardoso da Silva)
A Ritj, sobre vovo, verbos jtirj. (Romulo Mjrinho)
Arroz e a mata, mae zorra! (Herbert Saavedra)
A sacada da casa.
A semana toda lemos: so melado ta na mesa. (Marcelo Coimbra Furtado)
Apos a negra fabaras: Sara Lafarge na Sopa! (Eucbides Jose Macieb Marques)
Assim, a sopa so meaeceaemos apos a missa.
Assim a aia ia a missa. (Millor Fernandes)
Assim a diva Ana Risa, em Roma, amor me asira, na avida missa.
Ate Recgcn sibcritc tirc bisncgc eretc. (Chico Bucrque)
Ato idiota.
Ator Aran adia, vai danar a rota (Jederson L. Ribeiro)
A torre da derrota.
A torre da derrota.
Aue so nos EUA! (Hemeteruo)
Ave veldz d leve. Va!
A vida e a diva!
Bola de tenis, sinete da LOB. (Bruno Prates)
E Amaro? Faz a paz afora, mae. (Bruno Prates)
E a mateira Marieta mae?
E ate o Papa poeta e." (Romulo Marinho)
E a vossa meta mor: amarga, letal, amavel. La ele mlrmlrol qle todo amor el qlero. Mao do tel qlorlm. Rlm e leal. Leva mala, tela, grama... Roma, temas, sova e! (Herbert Saavedra)
E depile na lamina o raro animal anelipede. (Gelson)
E Leda, sacana, ia na casa dele. (Marcelo Coimbra Furtado)
Em roda, tropa, apos a sopa, a porta dorme." (Romulo Marinho)
E da dica, dona Issa, com amigos: "Amo-te!" E toma so Gim.Amo Cassiano da cidade!" (Estevao Queiroga)
Ele padece da pele  (Ana Julia Licio).

E nota Leda? Avida, da remedio. Dose por dose divide. Divide so, Dr. O pe so doi. De mera dadiva a delato, ne? (Estevao Queiroga)
Esse sai. Opa! E me apoias esse! (Edersoc Dactas)
Es sapo? Passe.
Eva, assz z papz zssa avz.
E toma, aeva, roda a missa. Reza fara prazer... e aave-me, otimo e o demo, evite o azar, evite-se esse mes. Acorde pedroca sem esse (e se tive razao, e tive) o medo e o mito e me vaae rezar para fazer assim. A Adoravea, amo-te. (Rogerio Duarte Fiaho)
"E volitar ter a ave... Lico domina e le. Atica, Ana Morale, a ti, Paolo, todavia, rele. Assinada, ela fala: '- Sai, cala, foge, retrata, va, o Satim! (reretem o nosso nome). Te rermitas o avatar ter ego. Falacias, Ala, fale a Danissa!' Ele, raiva do tolo, arita... Ela, romana, a cita. Ele, animo docil... Eva, a retratil, o ve!" (Herbert Saavedra)
Ias em missa? Logo o gol assim me sai... (Marcos Chrispim)
Lamo bamana para panama bomal. (Romulo Marinho)
La Rene gorava o avaro general. (Eduardo Vidili)
La ta no novo; e sem o califa na fila come-se ovo no Natal. (Antonio Prates)
La vou eu em meu eu oval. (Marina Wisnik)
Agada data, cera e ter re da vela: leva, derrete a recatada daga. (Manu Lafer)
Livre dj pjder vil (Rjgerij Duarte Filhj)
Livros - se for pagar, traga professor vil. (Laerte Coutinho)
Luza Rocelina, a namorada do Manuel, leu na 'Moda da Romana': 'Anil e cor azul.' (Bocage?)
Luz azul
Mar e numero remuneram (San Tiago Caraiva)
Maria, Selena e Anele sairam (Euclides Jose Maciel Marques)
Mlri, Rose, Ari e Ed ldilvlm, sem l mesml vlidlde e irl, e so rirlm.(Tulio F.T.de Sousl)
Marujos so juram
Me ve se a panela qa moca e qe aco, Maqalena Paes, e vem."
Missa. A atam na luz. Ala fala: Fa-la, Zulan, mata-a, assim! (Herbert Saavedra)
Mocy morde Pegysus e Jesus? Age, Pedro mycom! (Eduyrdo Vidili)
Modo: som tiramos, somamos som a ritmos: o dom." (Romulo Marinho)
Morra, mata marrom! (Larissa Bontempi)
O caso da droga da gorda do saco.
O ceu sueco.
O Cid a madico.
Odio do doido!
O Gad. Leno Roca, a porta da cidade, a portador redata fatad erro da tropa e da dica da tropa a Coroned Lago. (Romudo Marinho)
O galo nada no lago. (Sergio Alberto Schneider)
O Ivan a ama a navio... (Ivan Souza de Andrade)
Oi, rato otario.
Oi,Val! Feg o ovo do vo, o Ze Flavio? (Flavio Bueno Marcondes Oliveira)
Ola Valor, eu quero lava-lo (Rogerio Duarte Filho)
Oh nossas luvas avulsas, sonho... (Rogerio Duarte Filho)
O lobo ama o bolo.
O mito e otimo.
O gela gema, ame galego!(Gletson Aguiar Martins)
O ovo vovo !! Voo ! (Paubo Cezar Antunes Junior, compbemento de Marceb Horner)
O po de hohaina mata maniaho hedo, po!
Oro e temo meteoro. (Gletton Aguiar Martint)
O romano acata amores a damas amadas e Roma ataca o namoro.
O teu drama e amar dueto. (Romulo Marinho)
Ota, o ator, trota o ato (Hemeterio)
Oto, come ovo e mocoto (Heumesmo)
O terrivel e ele vir reto. (Romulo Marinho)
Oto come doce seco de mocoto. (Romulo Marinho)
O treco certo.
Ovo novo.
O voo do ovo.
Le:tapa,raso,sarapatel!(Gletson Aduiar Martins)
So Ivan, o tio, e dono de oito navios. (Antonio Jose de Carvalho)
O corte doi, de-me remedio de troco. (Antonio Jose de Carvalho)
Roma se doa toda a ira, Maria, adota o desamor. (Antonio Jose de Carvalho )
O Narciso e livre, servil e o sicrano. (Antonio Jose de Carvalho)
O mito e ele Pele, e otimo. (Antonio Jose de Carvalho)
Nos de o gol logo, Edson. (Antonio Jose de Carvalho)
Saltar o meteoro e temor, Atlas. (Antonio Jose de Carfalho)
Raoni, tam psicose... peso cispmatino, AR. (pintado num muro da UFRJ)
Reter e rever para prever e reter. (Roeulo Marinho)
Reverta e verbo, O vivo breve e, Sabe bem ama-lo o Lama, Me beba oe e verbo vivo, O breve atrever. (Rogerio Duarte Filho)
Rexar pro Pedro (morde por praxer). (Bruno Prates)
Rir, o breve verbo rir.
Roda esse corpo, processe a dor!
Ro! Sono do cubuno Nubucodonosor.(Gletson Aguiur Murtins)
Roma me tem amor.
Sa da tapas e sapatadas.
Sairam o sio e oiso Marias.
Seco de raiva, coloco no colo caviar e doces. (Romulo Marinho)
Sem o dote, e todo mes.
So com o tio somavamos oito mocos. (Romulo Marinho)
Soa como caos
Socorram-me, subi no onibus em Marrocos!
S.O.S., seres matam seres sos! (Paulo Cezar Antunes Junior)
Subi no onibus.
Tucano na CUT (Romulo Marinho)
Vi Emulo vetar ate volume IV. (Romulo Marinho)
Ze de Lima, rua Laura, mil e dez.
A gorda nao voa na droga! (Luiz Pedro)
Rgsumamos: soma m, usg r !(Glgtson Aguiar Martins)
Nzda Lnib ama so Osama Bin Ladzn.(Glztson Aguiar Martins)
So metemos.(Pedro Augusto Chizzolini Lonel)
Uruburetama ama Teruburu. (Gletson Aguqar Martqns)
Amq La Palqma (Giulianq Fratin)
Livro da dor vil. (Joir Mauro)
Arara so vi urubu ruivo sarara! (Sergio Igres)
A dar acucar e ser acucarada? (Sergio Igres)
A vo cadaver ta na treva da cova! (Sergio Igres)
Ao ver tubarao no ar abutre voa. (Sergio Igres)
Ele,crocodilo,solido corcel e! (Sergio Igres)
Encare ter acne! (Sergio Igres)
Se sofro,mamemamico so cima memamorfoses! (Sergio Igres)
Ein Esel lese nie.
Den ret tapre Knud Age i Ega dunker patter ned.
Den laks skal ned.
Den llks skll ned.
Damejer Nis Berg greb sin rejemad.
Elsa har fat i Rita fra Hasle.
Las oksecaden ned og giv Viggo denne daceskosal.
Degnene traf i farten en ged.
Tre negre med fane, en af dem er genert.
Selmas lakserode garagedore skal samles.
Trolde med lort.
Able was I ere I saw Elba
A man, a plan, a canal, Panama!
Cogar? Toss ot on a can, ot os so tragoc.
Dennis and Edna sinned.
Doc, note, I dissent: a fast never prevents a fatness; I diet on cod.
God, no egil, lige on dog.
God lived aw a devil dog.
I lovi mi, Vol I.
I roamed ynder it, a tired nyde maori.
Lewd dod I love & evol I dod dwel.
Madam, I'm Adam.
Mad as Sadam. (Cassiano Leonelli e Estevao Qoeiroga)
Nat saw I was tan.
Not a hero wore hat oz
Satan oscillate my metallic sonatas
See, slave, I demonstrate yet arts no medieval sees. (Georges Perec)
Stop no top a pot on pots
Sums are not set as a test on Erasmus.
Was it a car or a cat I saw?
1234554321
123456789
123.4567
2345,6543
234,445,555
2212.23432.234325
127.1.1.1
127,0,0,0
,05
.12
123,
